// Vitest Snapshot v1, https://vitest.dev/guide/snapshot.html

exports[`catálogo incorporado > no cambia el identificador de ningún ejercicio existente 1`] = `
{
  "built-in-001": "Back Squat",
  "built-in-002": "Front Squat",
  "built-in-003": "Conventional Deadlift",
  "built-in-004": "Strict Overhead Press",
  "built-in-005": "Barbell Bench Press",
  "built-in-006": "Push Press",
  "built-in-007": "Push Jerk",
  "built-in-008": "Split Jerk",
  "built-in-009": "Clean",
  "built-in-010": "Power Clean",
  "built-in-011": "Clean and Jerk",
  "built-in-012": "Snatch",
  "built-in-013": "Power Snatch",
  "built-in-014": "Overhead Squat",
  "built-in-015": "Barbell Row",
  "built-in-016": "Pull-up",
  "built-in-017": "Chest-to-bar Pull-up",
  "built-in-018": "Ring Muscle-up",
  "built-in-019": "Bar Muscle-up",
  "built-in-020": "Ring Dip",
  "built-in-021": "Handstand Hold",
  "built-in-022": "Handstand Push-up",
  "built-in-023": "Handstand Walk",
  "built-in-024": "Toes-to-bar",
  "built-in-025": "Knees-to-elbows",
  "built-in-026": "Push-up",
  "built-in-027": "Burpee",
  "built-in-028": "Air Squat",
  "built-in-029": "Lunge",
  "built-in-030": "Butterfly Sit-up",
  "built-in-031": "Box Step-up",
  "built-in-032": "Box Jump",
  "built-in-033": "Double-under",
  "built-in-034": "Run",
  "built-in-035": "Row",
  "built-in-036": "Air Bike",
  "built-in-037": "Ski Erg",
  "built-in-038": "Bike Erg",
  "built-in-039": "Swim",
  "built-in-040": "Kettlebell Swing",
  "built-in-041": "Goblet Squat",
  "built-in-042": "Dumbbell Snatch",
  "built-in-043": "Dumbbell Clean",
  "built-in-044": "Thruster",
  "built-in-045": "Wall Ball",
  "built-in-046": "Kettlebell Farmer's Walk",
  "built-in-047": "Sled Push",
  "built-in-048": "Sled Pull",
  "built-in-049": "Rope Climb",
  "built-in-050": "Turkish Get-up",
  "built-in-051": "Seated Dumbbell Shoulder Press",
  "built-in-052": "Dumbbell Lateral Raise",
  "built-in-053": "Kettlebell High Pull",
  "built-in-054": "Incline Dumbbell Bench Press",
  "built-in-055": "Flat Dumbbell Bench Press",
  "built-in-056": "Single-Arm Dumbbell Row",
  "built-in-057": "Single-Arm Kettlebell Row",
  "built-in-058": "Chest-Supported Lat Pulldown",
  "built-in-059": "Seal Row / Incline Dumbbell Row",
  "built-in-060": "Incline Rear Delt Fly",
  "built-in-061": "Kettlebell Step-up",
  "built-in-062": "Dumbbell Walking Lunge",
  "built-in-063": "Dumbbell Lunge",
  "built-in-064": "Suitcase Carry",
  "built-in-065": "Dumbbell Bicep Curl",
}
`;
